C51 COMPILER V9.60.0.0   MAIN                                                              06/12/2019 22:28:37 PAGE 1   


C51 COMPILER V9.60.0.0, COMPILATION OF MODULE MAIN
OBJECT MODULE PLACED IN .\Objects\main.obj
COMPILER INVOKED BY: C:\Dev\program\51keil9\C51\BIN\C51.EXE main.c OPTIMIZE(8,SPEED) BROWSE DEBUG OBJECTEXTEND PRINT(.\L
                    -istings\main.lst) OBJECT(.\Objects\main.obj)

line level    source

   1          #include <reg52.h>
   2          
   3          extern void LcdInit();
   4          extern void LcdShowStr(unsigned char x,unsigned char y,unsigned char *str);
   5          extern void E2Read(unsigned char *buf,unsigned char addr,unsigned char len);
   6          extern void E2Write(unsigned char *buf,unsigned char addr,unsigned char len);
   7          
   8          void MemToStr(unsigned char *str,unsigned char *src,unsigned char len);
   9          
  10          void main(void){
  11   1              unsigned char i;
  12   1              unsigned char buf[5];
  13   1              unsigned char str[20];  
  14   1              LcdInit();      
  15   1              for(i=0;i<sizeof(buf);i++){
  16   2                      buf[i]=buf[i]+1+i;
  17   2              }
  18   1              E2Write(buf,0x0e,sizeof(buf));
  19   1              
  20   1              E2Read(buf,0x0e,sizeof(buf));
  21   1              MemToStr(str,buf,sizeof(buf));
  22   1              LcdShowStr(0,0,str);
  23   1              while(1);
  24   1      }
  25          
  26          void MemToStr(unsigned char *str,unsigned char *src,unsigned char len){
  27   1              unsigned char tmp;
  28   1              while(len--){
  29   2                      tmp=*src>>4;
  30   2                      if(tmp<=9){
  31   3                              *str++=tmp+'0';
  32   3                      }else{
  33   3                              *str++=tmp-10+'A';
  34   3                      }
  35   2                      
  36   2                      tmp=*src&0x0f;
  37   2                      if(tmp<=9){
  38   3                              *str++=tmp+'0';
  39   3                      }else{
  40   3                              *str++=tmp-10+'A';
  41   3                      }
  42   2                      *str++=' ';
  43   2                      src++;
  44   2              }
  45   1      }


MODULE INFORMATION:   STATIC OVERLAYABLE
   CODE SIZE        =    262    ----
   CONSTANT SIZE    =   ----    ----
   XDATA SIZE       =   ----    ----
   PDATA SIZE       =   ----    ----
   DATA SIZE        =   ----      32
   IDATA SIZE       =   ----    ----
C51 COMPILER V9.60.0.0   MAIN                                                              06/12/2019 22:28:37 PAGE 2   

   BIT SIZE         =   ----    ----
END OF MODULE INFORMATION.


C51 COMPILATION COMPLETE.  0 WARNING(S),  0 ERROR(S)
