C51 COMPILER V9.60.0.0   LED                                                               06/06/2019 12:49:15 PAGE 1   


C51 COMPILER V9.60.0.0, COMPILATION OF MODULE LED
OBJECT MODULE PLACED IN led.OBJ
COMPILER INVOKED BY: C:\Dev\program\51keil9\C51\BIN\C51.EXE led.c OPTIMIZE(8,SPEED) BROWSE DEBUG OBJECTEXTEND

line level    source

   1          #include <reg52.h>
   2          
   3          sbit ADDA=P1^0;
   4          sbit ADDB=P1^1;
   5          sbit ADDC=P1^2;
   6          
   7          unsigned char code LedCharYin[] = {
   8                  0x3f, 0x06, 0x5b, 0x4f,
   9                  0x66, 0x6d, 0x7d, 0x07,
  10                  0x7f, 0x6f, 0x77, 0x7c,
  11                  0x39, 0x5e, 0x79, 0x71,
  12                  0x49, 0x00
  13          };
  14          unsigned char code LedCharYang[] = {
  15                  0xC0, 0xF9, 0xA4, 0xB0, 
  16                  0x99, 0x92, 0x82, 0xF8,
  17                  0x80, 0x90, 0x88, 0x83, 
  18                  0xC6, 0xA1, 0x86, 0x8E
  19          };
  20          
  21          unsigned char LedBuff[8] = {
  22                  0x00,0x00,0x00,0x00,
  23                  0x00,0x00,0x00,0x00
  24          };
  25          
  26          void LedScan(){
  27   1              static unsigned char i=0;
  28   1              P0=0x00;        
  29   1              switch(i){
  30   2                      case 0:ADDC=1;ADDB=1;ADDA=1;break;
  31   2                      case 1:ADDC=1;ADDB=1;ADDA=0;break;
  32   2                      case 2:ADDC=1;ADDB=0;ADDA=1;break;
  33   2                      case 3:ADDC=1;ADDB=0;ADDA=0;break;
  34   2                      case 4:ADDC=0;ADDB=1;ADDA=1;break;
  35   2                      case 5:ADDC=0;ADDB=1;ADDA=0;break;
  36   2                      case 6:ADDC=0;ADDB=0;ADDA=1;break;
  37   2                      case 7:ADDC=0;ADDB=0;ADDA=0;break;
  38   2                      default:break;
  39   2              }
  40   1              P0=LedBuff[i];  
  41   1              if(i<sizeof(LedBuff)-1){
  42   2                      i++;
  43   2              }else{
  44   2                      i=0;
  45   2              }
  46   1      }
  47          
  48          void LedLoad(unsigned char index,unsigned char dat){
  49   1              LedBuff[index]=LedCharYin[dat]; 
  50   1              if(index%2==0&&index>0){
  51   2                      LedBuff[index]|=0x80;
  52   2              }
  53   1      }


C51 COMPILER V9.60.0.0   LED                                                               06/06/2019 12:49:15 PAGE 2   

MODULE INFORMATION:   STATIC OVERLAYABLE
   CODE SIZE        =    149    ----
   CONSTANT SIZE    =     34    ----
   XDATA SIZE       =   ----    ----
   PDATA SIZE       =   ----    ----
   DATA SIZE        =      9    ----
   IDATA SIZE       =   ----    ----
   BIT SIZE         =   ----    ----
END OF MODULE INFORMATION.


C51 COMPILATION COMPLETE.  0 WARNING(S),  0 ERROR(S)
