C51 COMPILER V9.02   LED                                                                   05/29/2019 17:36:24 PAGE 1   


C51 COMPILER V9.02, COMPILATION OF MODULE LED
OBJECT MODULE PLACED IN LED.OBJ
COMPILER INVOKED BY: C:\Dev\program\51\C51\BIN\C51.EXE LED.c BROWSE DEBUG OBJECTEXTEND

line level    source

   1          #include <reg52.h>
   2          #include <intrins.h>
   3          
   4          #define uchar unsigned char
   5          #define uint unsigned int
   6          #define ulong unsigned long
   7          
   8          sbit SDI = P3^4;
   9          sbit LCK = P3^5;
  10          sbit SCK = P3^6;
  11          
  12          void HC595SendData(uchar data0,uchar data1,uchar data2,uchar data3){
  13   1              uchar i = 0;
  14   1              SCK=1;
  15   1              LCK=1;          
  16   1              for(i = 0;i<8;++i){
  17   2                      SDI=data0&0x01;
  18   2                      data0>>=1;
  19   2                      SCK=0;
  20   2                      _nop_();
  21   2                      _nop_();
  22   2                      SCK=1;
  23   2                      _nop_();
  24   2                      _nop_();
  25   2              }
  26   1              for(i = 0;i<8;++i){
  27   2                      SDI=data1&0x01;
  28   2                      data1>>=1;
  29   2                      SCK=0;
  30   2                      _nop_();
  31   2                      _nop_();
  32   2                      SCK=1;
  33   2                      _nop_();
  34   2                      _nop_();
  35   2              }
  36   1                      for(i = 0;i<8;++i){
  37   2                      SDI=data2&0x01;
  38   2                      data2>>=1;
  39   2                      SCK=0;
  40   2                      _nop_();
  41   2                      _nop_();
  42   2                      SCK=1;
  43   2                      _nop_();
  44   2                      _nop_();
  45   2              }
  46   1                      for(i = 0;i<8;++i){
  47   2                      SDI=data3&0x01;
  48   2                      data3>>=1;
  49   2                      SCK=0;
  50   2                      _nop_();
  51   2                      _nop_();
  52   2                      SCK=1;
  53   2                      _nop_();
  54   2                      _nop_();
  55   2              }
C51 COMPILER V9.02   LED                                                                   05/29/2019 17:36:24 PAGE 2   

  56   1              LCK=0;
  57   1              _nop_();
  58   1              _nop_();
  59   1              LCK=1;
  60   1              _nop_();
  61   1              _nop_();         
  62   1      
  63   1      }
  64          
  65          
  66          
  67          
  68          
  69          sbit P3_3 = P3^3;               
  70          void main(void){
  71   1      
  72   1      
  73   1      
  74   1              
  75   1              while(1){
  76   2                       HC595SendData(0x00,0x00,0x01,0x80);
  77   2                       
  78   2                       HC595SendData(0xFE,0x7F,0xff,0xff);
  79   2                       
  80   2              }
  81   1      }


MODULE INFORMATION:   STATIC OVERLAYABLE
   CODE SIZE        =    129    ----
   CONSTANT SIZE    =   ----    ----
   XDATA SIZE       =   ----    ----
   PDATA SIZE       =   ----    ----
   DATA SIZE        =   ----       4
   IDATA SIZE       =   ----    ----
   BIT SIZE         =   ----    ----
END OF MODULE INFORMATION.


C51 COMPILATION COMPLETE.  0 WARNING(S),  0 ERROR(S)
