C51 COMPILER V9.60.0.0   I2C                                                               06/11/2019 22:25:50 PAGE 1   


C51 COMPILER V9.60.0.0, COMPILATION OF MODULE I2C
OBJECT MODULE PLACED IN .\Objects\I2C.obj
COMPILER INVOKED BY: C:\Dev\program\51keil9\C51\BIN\C51.EXE I2C.c OPTIMIZE(8,SPEED) BROWSE DEBUG OBJECTEXTEND PRINT(.\Li
                    -stings\I2C.lst) OBJECT(.\Objects\I2C.obj)

line level    source

   1          #include <reg52.h>
   2          #include <intrins.h>
   3          #define I2CDelay() {_nop_();_nop_();_nop_();_nop_();}
   4          
   5          sbit SCL=P2^1;
   6          sbit SDA=P2^0;
   7          
   8          void I2CStart();
   9          void I2CStop();
  10          unsigned char I2CReadNAK();
  11          unsigned char I2CReadACK();
  12          bit I2CWrite(unsigned char dat);
  13          
  14          void I2CStart(){
  15   1              SDA=1;
  16   1              SCL=1;
  17   1              I2CDelay();
  18   1              SDA=0;
  19   1              I2CDelay();
  20   1              SCL=0;
  21   1      }
  22          
  23          void I2CStop(){
  24   1              SCL=0;
  25   1              SDA=0;
  26   1              I2CDelay();
  27   1              SCL=1;
  28   1              I2CDelay();
  29   1              SDA=1;
  30   1              I2CDelay();
  31   1      }
  32          
  33          bit I2CWrite(unsigned char dat){
  34   1              bit ack;
  35   1              unsigned char mask;
  36   1              
  37   1              for(mask==0x80;mask!=0;mask>>=1){
  38   2                      if((mask&dat)==0){
  39   3                              SDA=0;
  40   3                      }else{
  41   3                              SDA=1;
  42   3                      }
  43   2                      I2CDelay();
  44   2                      SCL=1;
  45   2                      I2CDelay();
  46   2                      SCL=0;
  47   2              }
  48   1              SDA=1;
  49   1              I2CDelay();
  50   1              SCL=1;
  51   1              I2CDelay();
  52   1              ack=SDA;
  53   1              I2CDelay();
  54   1              SCL=0;
C51 COMPILER V9.60.0.0   I2C                                                               06/11/2019 22:25:50 PAGE 2   

  55   1              return (~ack);  
  56   1      }
  57          
  58          unsigned char I2CReadNAK(){
  59   1              unsigned char mask;
  60   1              unsigned char dat;
  61   1              SDA=1;
  62   1              for(mask=0x80;mask!=0;mask>>=1){
  63   2                      I2CDelay();
  64   2                      SCL=1;
  65   2                      if(SDA==0){
  66   3                              dat&=~mask;
  67   3                      }else{
  68   3                              dat|=mask;
  69   3                      }
  70   2                      I2CDelay();
  71   2                      SCL=0;
  72   2              }
  73   1              SDA=1;
  74   1              I2CDelay();
  75   1              SCL=1;
  76   1              I2CDelay();
  77   1              SCL=0;
  78   1              return dat;
  79   1      }
  80          
  81          unsigned char I2CReadACK(){
  82   1              unsigned char mask;
  83   1              unsigned char dat;
  84   1              SDA=1;
  85   1              for(mask=0x80;mask!=0;mask>>=1){
  86   2                      I2CDelay();
  87   2                      SCL=1;
  88   2                      if(SDA==0){
  89   3                              dat&=~mask;
  90   3                      }else{
  91   3                              dat|=mask;
  92   3                      }
  93   2                      I2CDelay();
  94   2                      SCL=0;
  95   2              }
  96   1              SDA=0;
  97   1              I2CDelay();
  98   1              SCL=1;
  99   1              I2CDelay();
 100   1              SCL=0;
 101   1              return dat;
 102   1      }


MODULE INFORMATION:   STATIC OVERLAYABLE
   CODE SIZE        =    199    ----
   CONSTANT SIZE    =   ----    ----
   XDATA SIZE       =   ----    ----
   PDATA SIZE       =   ----    ----
   DATA SIZE        =   ----       1
   IDATA SIZE       =   ----    ----
   BIT SIZE         =   ----       1
END OF MODULE INFORMATION.


C51 COMPILATION COMPLETE.  0 WARNING(S),  0 ERROR(S)
