C51 COMPILER V9.02   18B20                                                                 06/02/2019 04:14:02 PAGE 1   


C51 COMPILER V9.02, COMPILATION OF MODULE 18B20
OBJECT MODULE PLACED IN 18b20.OBJ
COMPILER INVOKED BY: C:\Dev\program\51\C51\BIN\C51.EXE 18b20.c BROWSE DEBUG OBJECTEXTEND

line level    source

   1          #include <reg52.h>
   2          #include <intrins.h>
   3          
   4          sbit IO_18B20=P3^7;
   5          sbit TURN=P2^0;
   6          
   7          unsigned char code LedCharYin[] = {
   8                  0x3f, 0x06, 0x5b, 0x4f,
   9                  0x66, 0x6d, 0x7d, 0x07,
  10                  0x7f, 0x6f, 0x77, 0x7c,
  11                  0x39, 0x5e, 0x79, 0x71,
  12                  0x40,0x00
  13          };
  14          unsigned char LedBuff[8] = {    
  15                  0xff,0xff,0xff,0xff,
  16                  0x00,0x00,0x00,0x00
  17          };
  18          unsigned char out[] = {
  19                  0x00,
  20                  0x00,0x00,
  21                  0x00,0x00,0x00,0x00
  22          };
  23          
  24          
  25          
  26          bit Get18B20Ack();
  27          bit Start18B20();
  28          bit Get18B20Temp(int *temp);
  29          void Write18B20(unsigned char dat);
  30          unsigned char Read18B20();
  31          void Delay10us(unsigned char t);
  32          void ConfigTimer0(unsigned char ms);
  33          void ConfigTimer1(unsigned char ms);
  34          void convert(unsigned char *out);
  35          
  36          unsigned char T0RH=0;
  37          unsigned char T0RL=0;
  38          unsigned char T1RH=0;
  39          unsigned char T1RL=0;
  40          
  41          bit flag=0;
  42          int temp;
  43          unsigned char intT;
  44          unsigned int decT;
  45          
  46          
  47          int main(void){          
  48   1         EA=1;
  49   1         Start18B20();
  50   1         _nop_();
  51   1         _nop_();
  52   1         ConfigTimer0(1);
  53   1         ConfigTimer1(1000);
  54   1         PT0=1;
  55   1      
C51 COMPILER V9.02   18B20                                                                 06/02/2019 04:14:02 PAGE 2   

  56   1         while(1){
  57   2                      if(flag){
  58   3                              flag=0;
  59   3                              convert(out);
  60   3                              LedBuff[6]=LedCharYin[out[6]];                          
  61   3                              LedBuff[5]=LedCharYin[out[5]];
  62   3                              LedBuff[4]=LedCharYin[out[4]];
  63   3                              LedBuff[4]|=0x80;
  64   3                              LedBuff[3]=LedCharYin[out[3]];
  65   3                              LedBuff[2]=LedCharYin[out[2]];
  66   3                              LedBuff[1]=LedCharYin[out[1]];
  67   3                              LedBuff[0]=LedCharYin[out[0]];
  68   3                      }
  69   2         }
  70   1         return 0;
  71   1      }
  72          
  73          void convert(unsigned char *out){
  74   1              unsigned char i = 0;
  75   1              
  76   1              bit sig = temp>>15&0x01;        
  77   1              intT=temp>>4&0x7f;
  78   1              decT=temp&0x0f;
  79   1      
  80   1              decT=decT*10000/16;
  81   1              out[i++]=decT%10;
  82   1              out[i++]=decT/10%10;
  83   1              out[i++]=decT/100%10;
  84   1              out[i++]=decT/1000%10;
  85   1      
  86   1              out[i++]=intT%10;
  87   1              out[i++]=intT/10%10;
  88   1      
  89   1              if(sig==0){out[i]=17;}
  90   1              else{out[i]=16;}
  91   1      
  92   1              if(intT>=25){TURN=0;}
  93   1              else{TURN=1;}
  94   1      }
  95          
  96          
  97          void ConfigTimer0(unsigned char ms){
  98   1              unsigned long tmp;
  99   1              tmp=12000000/12/1000*ms;
 100   1              tmp=65536-tmp;
 101   1              tmp+=12;
 102   1              T0RH=(unsigned char)(tmp>>8);
 103   1              T0RL=(unsigned char)tmp;
 104   1              TMOD&=0xf0;
 105   1              TMOD|=0x01;
 106   1              TH0=T0RH;
 107   1              TL0=T0RL;
 108   1              ET0=1;
 109   1              TR0=1;
 110   1      }
 111          void LedScan(){
 112   1              static unsigned char i=0;
 113   1              P0=0x00;
 114   1              P1=(P1&0xf8)|~i;
 115   1              P0=LedBuff[i];
 116   1              if(i<sizeof(LedBuff)-1){
 117   2                      i++;
C51 COMPILER V9.02   18B20                                                                 06/02/2019 04:14:02 PAGE 3   

 118   2              }else{
 119   2                      i=0;
 120   2              }
 121   1      }
 122          
 123          void InterruptTimer0() interrupt 1{     
 124   1              TH0=T0RH;
 125   1              TL0=T0RL;
 126   1              LedScan();
 127   1      }
 128          
 129          void ConfigTimer1(unsigned char ms){
 130   1              unsigned long tmp;
 131   1              tmp=12000000/12/1000*ms;
 132   1              tmp=65536-tmp;
 133   1              tmp+=12;
 134   1              T1RH=(unsigned char)(tmp>>8);
 135   1              T1RL=(unsigned char)tmp;
 136   1              TMOD&=0x0f;
 137   1              TMOD|=0x10;
 138   1              TH1=T1RH;
 139   1              TL1=T1RL;
 140   1              ET1=1;
 141   1              TR1=1;
 142   1      }
 143          
 144          void InterruptTimer1() interrupt 3{
 145   1              TH1=T1RH;
 146   1              TL1=T1RL;
 147   1              Get18B20Temp(&temp);
 148   1              Start18B20();
 149   1              flag=1;
 150   1      }
 151          
 152          
 153          
 154          
 155          void Delay10us(unsigned char t){
 156   1              do{
 157   2                      _nop_();
 158   2                      _nop_();
 159   2                      _nop_();
 160   2                      _nop_();
 161   2                      _nop_();
 162   2                      _nop_();
 163   2                      _nop_();
 164   2                      _nop_();
 165   2              }while(--t);
 166   1      }
 167          
 168          bit Get18B20Ack(){
 169   1              bit ack;
 170   1              EA=0;
 171   1              IO_18B20=0;
 172   1              Delay10us(50);
 173   1              IO_18B20=1;
 174   1              Delay10us(6);
 175   1              ack=IO_18B20;
 176   1              while(!IO_18B20);
 177   1              EA=1;
 178   1              return ack;
 179   1      }
C51 COMPILER V9.02   18B20                                                                 06/02/2019 04:14:02 PAGE 4   

 180          
 181          void Write18B20(unsigned char dat){
 182   1              unsigned char mask;
 183   1              EA=0;
 184   1              for(mask=0x01;mask!=0;mask<<=1){
 185   2                      IO_18B20 = 0;
 186   2                      _nop_();
 187   2                      _nop_();
 188   2                      if((mask&dat)==0){
 189   3                              IO_18B20=0;
 190   3                      }else{
 191   3                              IO_18B20=1;
 192   3                      }
 193   2                      Delay10us(6);
 194   2                      IO_18B20=1;
 195   2              }
 196   1              EA=1;
 197   1      }
 198          
 199          unsigned char Read18B20(){
 200   1              unsigned char dat;
 201   1              unsigned char mask;
 202   1      
 203   1              EA=0;
 204   1              for(mask=0x01;mask!=0;mask<<=1){
 205   2                      IO_18B20 = 0;
 206   2                      _nop_();
 207   2                      _nop_();
 208   2                      IO_18B20= 1;
 209   2                      _nop_();
 210   2                      _nop_();
 211   2                      if(!IO_18B20){
 212   3                              dat&=~mask;
 213   3                      }else{
 214   3                              dat|=mask;
 215   3                      }
 216   2                      Delay10us(6);
 217   2              }
 218   1              EA=1;
 219   1              return dat;
 220   1      }                                   
 221          
 222          bit Start18B20(){
 223   1              bit ack;
 224   1              ack=Get18B20Ack();
 225   1              if(ack==0){
 226   2                      Write18B20(0xcc);
 227   2                      Write18B20(0x44);
 228   2              }
 229   1              return ~ack;
 230   1      }
 231          bit Get18B20Temp(int *temp){
 232   1              bit ack;
 233   1              unsigned char LSB,MSB;
 234   1              ack=Get18B20Ack();
 235   1      
 236   1              if(ack==0){
 237   2                      Write18B20(0xcc);
 238   2                      Write18B20(0xBE);
 239   2                      LSB=Read18B20();
 240   2                      MSB=Read18B20();
 241   2                      *temp=((int)MSB<<8)+LSB;
C51 COMPILER V9.02   18B20                                                                 06/02/2019 04:14:02 PAGE 5   

 242   2              }
 243   1              return ~ack;
 244   1      }


MODULE INFORMATION:   STATIC OVERLAYABLE
   CODE SIZE        =    916    ----
   CONSTANT SIZE    =     18    ----
   XDATA SIZE       =   ----    ----
   PDATA SIZE       =   ----    ----
   DATA SIZE        =     25      12
   IDATA SIZE       =   ----    ----
   BIT SIZE         =      1       4
END OF MODULE INFORMATION.


C51 COMPILATION COMPLETE.  0 WARNING(S),  0 ERROR(S)
